app/api/chat/route.ts(44,18): error TS1127: Invalid character.
app/api/chat/route.ts(44,19): error TS1136: Property assignment expected.
app/api/chat/route.ts(147,1): error TS1160: Unterminated template literal.
